2026-05-15 09:35:17,486 - INFO - Начало парсинга с 2026-04-10 по 2026-04-16
2026-05-15 09:35:17,486 - INFO - Запрос данных для timestamp: 1776373199999
2026-05-15 09:35:18,647 - ERROR - Ошибка при обработке timestamp 1776373199999: no such table: teams
2026-05-15 09:35:18,648 - INFO - Запрос данных для timestamp: 1776286799999
2026-05-15 09:35:19,500 - ERROR - Ошибка при обработке timestamp 1776286799999: no such table: teams
2026-05-15 09:35:19,501 - INFO - Запрос данных для timestamp: 1776200399999
2026-05-15 09:35:20,140 - ERROR - Ошибка при обработке timestamp 1776200399999: no such table: teams
2026-05-15 09:35:20,141 - INFO - Запрос данных для timestamp: 1776113999999
2026-05-15 09:35:20,872 - ERROR - Ошибка при обработке timestamp 1776113999999: no such table: teams
2026-05-15 09:35:20,873 - INFO - Запрос данных для timestamp: 1776027599999
2026-05-15 09:35:22,472 - ERROR - Ошибка при обработке timestamp 1776027599999: no such table: teams
2026-05-15 09:35:22,477 - INFO - Запрос данных для timestamp: 1775941199999
2026-05-15 09:35:24,887 - ERROR - Ошибка при обработке timestamp 1775941199999: no such table: teams
2026-05-15 09:35:24,892 - INFO - Запрос данных для timestamp: 1775854799999
2026-05-15 09:35:26,428 - ERROR - Ошибка при обработке timestamp 1775854799999: no such table: teams
2026-05-15 09:35:26,429 - INFO - Парсинг завершен.
2026-05-15 09:36:30,607 - INFO - Начало парсинга с 2025-11-10 по 2026-10-10
2026-05-15 09:36:30,607 - INFO - Запрос данных для timestamp: 1791665999999
2026-05-15 09:36:31,150 - ERROR - Ошибка при обработке timestamp 1791665999999: no such table: teams
2026-05-15 09:36:31,150 - INFO - Запрос данных для timestamp: 1791579599999
2026-05-15 09:36:31,575 - ERROR - Ошибка при обработке timestamp 1791579599999: no such table: teams
2026-05-15 09:36:31,576 - INFO - Запрос данных для timestamp: 1791493199999
2026-05-15 09:36:32,122 - ERROR - Ошибка при обработке timestamp 1791493199999: no such table: teams
2026-05-15 09:36:32,123 - INFO - Запрос данных для timestamp: 1791406799999
2026-05-15 09:36:32,798 - ERROR - Ошибка при обработке timestamp 1791406799999: no such table: teams
2026-05-15 09:36:32,799 - INFO - Запрос данных для timestamp: 1791320399999
2026-05-15 09:36:33,308 - ERROR - Ошибка при обработке timestamp 1791320399999: no such table: teams
2026-05-15 09:36:33,308 - INFO - Запрос данных для timestamp: 1791233999999
2026-05-15 09:36:34,010 - ERROR - Ошибка при обработке timestamp 1791233999999: no such table: teams
2026-05-15 09:36:34,010 - INFO - Запрос данных для timestamp: 1791147599999
2026-05-15 09:36:34,566 - ERROR - Ошибка при обработке timestamp 1791147599999: no such table: teams
2026-05-15 09:36:34,566 - INFO - Запрос данных для timestamp: 1791061199999
2026-05-15 09:42:09,145 - INFO - Начало парсинга с 2025-11-10 по 2026-11-10
2026-05-15 09:42:09,145 - INFO - Запрос данных для timestamp: 1794344399999
2026-05-15 09:42:09,569 - INFO - Обработка завершена: tmp.txt
2026-05-15 09:42:09,569 - INFO - Запрос данных для timestamp: 1794257999999
2026-05-15 09:42:12,739 - INFO - [PRE] Скачано: 1535381-aldosivi-riv...
2026-05-15 09:42:16,465 - INFO - [LIVE] Скачано: 1535381-aldosivi-riv...
2026-05-15 09:42:19,861 - INFO - [PRE] Скачано: 1535382-argentinos-h...
2026-05-15 09:42:23,465 - INFO - [LIVE] Скачано: 1535382-argentinos-h...
2026-05-15 09:42:25,364 - INFO - [PRE] Скачано: 1535383-banfild-atle...
2026-05-15 09:42:28,279 - INFO - [LIVE] Скачано: 1535383-banfild-atle...
2026-05-15 09:42:31,765 - INFO - [PRE] Скачано: 1535384-barrakas-sen...
2026-05-15 09:42:35,003 - INFO - [LIVE] Скачано: 1535384-barrakas-sen...
2026-05-15 09:42:37,644 - INFO - [PRE] Скачано: 1535385-boka-huniors...
2026-05-15 09:42:39,726 - INFO - [LIVE] Скачано: 1535385-boka-huniors...
2026-05-15 09:42:43,475 - INFO - [PRE] Скачано: 1535386-independente...
2026-05-15 09:42:47,141 - INFO - [LIVE] Скачано: 1535386-independente...
2026-05-15 09:42:49,584 - INFO - [PRE] Скачано: 1535387-instituto-ny...
2026-05-15 09:42:51,895 - INFO - [LIVE] Скачано: 1535387-instituto-ny...
2026-05-15 09:42:55,713 - INFO - [PRE] Скачано: 1535388-rosario-sent...
2026-05-15 09:42:57,609 - INFO - [LIVE] Скачано: 1535388-rosario-sent...
2026-05-15 09:43:01,345 - INFO - [PRE] Скачано: 1535389-san-lorenso-...
2026-05-15 09:43:05,144 - INFO - [LIVE] Скачано: 1535389-san-lorenso-...
2026-05-15 09:43:07,771 - INFO - [PRE] Скачано: 1535390-sentral-kord...
2026-05-15 09:43:10,277 - INFO - [LIVE] Скачано: 1535390-sentral-kord...
2026-05-15 09:43:13,642 - INFO - [PRE] Скачано: 1535391-taleres-kord...
2026-05-15 09:43:16,659 - INFO - [LIVE] Скачано: 1535391-taleres-kord...
2026-05-15 09:43:18,835 - INFO - [PRE] Скачано: 1535392-tigre-atleti...
2026-05-15 09:43:22,283 - INFO - [LIVE] Скачано: 1535392-tigre-atleti...
2026-05-15 09:43:25,574 - INFO - [PRE] Скачано: 1535393-union-santa-...
2026-05-15 09:43:28,491 - INFO - [LIVE] Скачано: 1535393-union-santa-...
2026-05-15 09:43:31,205 - INFO - [PRE] Скачано: 1535394-himnasiya-i-...
2026-05-15 09:43:34,931 - INFO - [LIVE] Скачано: 1535394-himnasiya-i-...
2026-05-15 09:43:38,515 - INFO - [PRE] Скачано: 1535395-himnasiya-me...
2026-05-15 09:43:41,479 - INFO - [LIVE] Скачано: 1535395-himnasiya-me...
2026-05-15 09:43:44,005 - INFO - [PRE] Скачано: 1550296-audaks-italy...
2026-05-15 09:43:46,538 - INFO - [LIVE] Скачано: 1550296-audaks-italy...
2026-05-15 09:43:48,550 - INFO - [PRE] Скачано: 1550297-deportes-la-...
2026-05-15 09:43:52,316 - INFO - [LIVE] Скачано: 1550297-deportes-la-...
2026-05-15 09:43:55,517 - INFO - [PRE] Скачано: 1550298-nublense-kol...
2026-05-15 09:43:58,444 - INFO - [LIVE] Скачано: 1550298-nublense-kol...
2026-05-15 09:44:01,450 - INFO - [PRE] Скачано: 1550299-universidad-...
2026-05-15 09:44:05,100 - INFO - [LIVE] Скачано: 1550299-universidad-...
2026-05-15 09:44:07,293 - INFO - [PRE] Скачано: 1550300-universidad-...
2026-05-15 09:44:09,424 - INFO - [LIVE] Скачано: 1550300-universidad-...
2026-05-15 09:44:11,745 - INFO - [PRE] Скачано: 1550301-universidad-...
2026-05-15 09:44:15,364 - INFO - [LIVE] Скачано: 1550301-universidad-...
2026-05-15 09:44:17,354 - INFO - [PRE] Скачано: 1550302-union-la-kal...
2026-05-15 09:44:20,808 - INFO - [LIVE] Скачано: 1550302-union-la-kal...
2026-05-15 09:44:23,073 - INFO - [PRE] Скачано: 1550303-everton-vdm-...
2026-05-15 09:44:26,099 - INFO - [LIVE] Скачано: 1550303-everton-vdm-...
2026-05-15 09:44:26,108 - INFO - Обработка завершена: tmp.txt
2026-05-15 09:44:26,109 - INFO - Запрос данных для timestamp: 1794171599999
2026-05-15 09:44:29,882 - INFO - [PRE] Скачано: 1570368-dalyan-chzhi...
2026-05-15 09:44:32,257 - INFO - [LIVE] Скачано: 1570368-dalyan-chzhi...
2026-05-15 09:44:35,094 - INFO - [PRE] Скачано: 1570369-yunnan-yukun...
2026-05-15 09:44:37,086 - INFO - [LIVE] Скачано: 1570369-yunnan-yukun...
2026-05-15 09:44:40,726 - INFO - [PRE] Скачано: 1570370-beyczin-goan...
2026-05-15 09:44:43,191 - INFO - [LIVE] Скачано: 1570370-beyczin-goan...
2026-05-15 09:44:46,557 - INFO - [PRE] Скачано: 1570371-cindao-chzhu...
2026-05-15 09:44:48,617 - INFO - [LIVE] Скачано: 1570371-cindao-chzhu...
2026-05-15 09:44:51,543 - INFO - [PRE] Скачано: 1570372-hanchzhou-gr...
2026-05-15 09:44:55,301 - INFO - [LIVE] Скачано: 1570372-hanchzhou-gr...
2026-05-15 09:44:58,892 - INFO - [PRE] Скачано: 1570373-shanhay-port...
2026-05-15 09:45:01,562 - INFO - [LIVE] Скачано: 1570373-shanhay-port...
2026-05-15 09:45:04,437 - INFO - [PRE] Скачано: 1570374-shanhay-shen...
2026-05-15 09:45:08,066 - INFO - [LIVE] Скачано: 1570374-shanhay-shen...
2026-05-15 09:45:11,111 - INFO - [PRE] Скачано: 1570375-shandun-tays...
2026-05-15 09:45:12,884 - INFO - [LIVE] Скачано: 1570375-shandun-tays...
2026-05-15 09:45:16,052 - INFO - [PRE] Скачано: 1561816-grobinya-lie...
2026-05-15 09:45:18,953 - INFO - [LIVE] Скачано: 1561816-grobinya-lie...
2026-05-15 09:45:21,820 - INFO - [PRE] Скачано: 1561817-elgava-ogri-...
2026-05-15 09:45:24,546 - INFO - [LIVE] Скачано: 1561817-elgava-ogri-...
2026-05-15 09:45:28,399 - INFO - [PRE] Скачано: 1561818-super-nova-b...
2026-05-15 09:45:30,972 - INFO - [LIVE] Скачано: 1561818-super-nova-b...
2026-05-15 09:45:33,779 - INFO - [PRE] Скачано: 1561819-tukums-2000-...
2026-05-15 09:45:36,763 - INFO - [LIVE] Скачано: 1561819-tukums-2000-...
2026-05-15 09:45:41,912 - INFO - Начало парсинга с 2025-11-10 по 2026-11-10
2026-05-15 09:45:41,912 - INFO - Запрос данных для timestamp: 1794344399999
2026-05-15 09:45:43,452 - INFO - Обработка завершена: tmp.txt
2026-05-15 09:45:43,452 - INFO - Запрос данных для timestamp: 1794257999999
2026-05-15 09:45:45,079 - INFO - Обработка завершена: tmp.txt
2026-05-15 09:45:45,080 - INFO - Запрос данных для timestamp: 1794171599999
2026-05-15 09:45:48,451 - INFO - [PRE] Скачано: 1561820-riga-rfsh-pr...
2026-05-15 09:45:49,979 - INFO - [LIVE] Скачано: 1561820-riga-rfsh-pr...
2026-05-15 09:45:51,607 - INFO - [PRE] Скачано: 1540387-viking-kfum-...
2026-05-15 09:45:53,122 - INFO - [LIVE] Скачано: 1540387-viking-kfum-...
2026-05-15 09:45:54,448 - INFO - [PRE] Скачано: 1540388-kristiansunn...
2026-05-15 09:45:55,843 - INFO - [LIVE] Скачано: 1540388-kristiansunn...
2026-05-15 09:45:57,192 - INFO - [PRE] Скачано: 1540389-lillestryom-...
2026-05-15 09:45:58,794 - INFO - [LIVE] Скачано: 1540389-lillestryom-...
2026-05-15 09:46:00,288 - INFO - [PRE] Скачано: 1540390-rusenborg-st...
